// Jest Snapshot v1, https://goo.gl/fbAQLP

exports[`renders correctly 1`] = `
<div
  className="Table-container"
>
  <div
    className="Filter-panel"
  >
    <span>
      Фильтр
    </span>
    <input
      onChange={[Function]}
      placeholder="Введите подстроку"
      type="text"
      value=""
    />
    <button
      onClick={[Function]}
    >
      Найти
    </button>
  </div>
  <table>
    <thead>
      <tr
        className="Table-container__headRow"
      >
        <th
          className={null}
          onClick={[Function]}
        >
          id
        </th>
        <th
          className={null}
          onClick={[Function]}
        >
          firstName
        </th>
        <th
          className={null}
          onClick={[Function]}
        >
          lastName
        </th>
        <th
          className={null}
          onClick={[Function]}
        >
          email
        </th>
        <th
          className={null}
          onClick={[Function]}
        >
          phone
        </th>
      </tr>
    </thead>
    <tbody>
      <tr
        className="Table-container__row"
        onClick={[Function]}
      >
        <td>
          454
        </td>
        <td>
          Brett
        </td>
        <td>
          Taylor
        </td>
        <td>
          BJalowiecki@nullam.net
        </td>
        <td>
          (685)196-1577
        </td>
      </tr>
      <tr
        className="Table-container__row"
        onClick={[Function]}
      >
        <td>
          221
        </td>
        <td>
          Verna
        </td>
        <td>
          Schlottman
        </td>
        <td>
          MFaurest@tempor.gov
        </td>
        <td>
          (371)456-8139
        </td>
      </tr>
      <tr
        className="Table-container__row"
        onClick={[Function]}
      >
        <td>
          827
        </td>
        <td>
          Brien
        </td>
        <td>
          Blayne
        </td>
        <td>
          JBorisyuk@non.gov
        </td>
        <td>
          (972)837-6441
        </td>
      </tr>
      <tr
        className="Table-container__row"
        onClick={[Function]}
      >
        <td>
          161
        </td>
        <td>
          Jerline
        </td>
        <td>
          Noe
        </td>
        <td>
          VWestrate@donec.ly
        </td>
        <td>
          (157)213-9201
        </td>
      </tr>
      <tr
        className="Table-container__row"
        onClick={[Function]}
      >
        <td>
          323
        </td>
        <td>
          Dwayne
        </td>
        <td>
          Ibarrondo
        </td>
        <td>
          BYork@eros.com
        </td>
        <td>
          (102)225-1788
        </td>
      </tr>
      <tr
        className="Table-container__row"
        onClick={[Function]}
      >
        <td>
          89
        </td>
        <td>
          Wazir
        </td>
        <td>
          Mazza
        </td>
        <td>
          LBeebe@elementum.gov
        </td>
        <td>
          (253)013-7725
        </td>
      </tr>
      <tr
        className="Table-container__row"
        onClick={[Function]}
      >
        <td>
          92
        </td>
        <td>
          Maxime
        </td>
        <td>
          Cook
        </td>
        <td>
          PKarneol@ipsum.com
        </td>
        <td>
          (145)350-4932
        </td>
      </tr>
      <tr
        className="Table-container__row"
        onClick={[Function]}
      >
        <td>
          609
        </td>
        <td>
          Corretta
        </td>
        <td>
          Vanderlinden
        </td>
        <td>
          NDerkson@pulvinar.io
        </td>
        <td>
          (548)539-0437
        </td>
      </tr>
      <tr
        className="Table-container__row"
        onClick={[Function]}
      >
        <td>
          184
        </td>
        <td>
          Javier
        </td>
        <td>
          Pointelin
        </td>
        <td>
          ASilverstein@augue.org
        </td>
        <td>
          (793)662-3943
        </td>
      </tr>
      <tr
        className="Table-container__row"
        onClick={[Function]}
      >
        <td>
          337
        </td>
        <td>
          Alina
        </td>
        <td>
          Tinker
        </td>
        <td>
          JRamsey@tellus.net
        </td>
        <td>
          (288)488-1915
        </td>
      </tr>
      <tr
        className="Table-container__row"
        onClick={[Function]}
      >
        <td>
          673
        </td>
        <td>
          Aely
        </td>
        <td>
          Hutchinson
        </td>
        <td>
          VDixon@tortor.ly
        </td>
        <td>
          (651)291-5023
        </td>
      </tr>
      <tr
        className="Table-container__row"
        onClick={[Function]}
      >
        <td>
          723
        </td>
        <td>
          Gerarld
        </td>
        <td>
          Hughes
        </td>
        <td>
          KFaurest@facilisis.io
        </td>
        <td>
          (668)030-6390
        </td>
      </tr>
      <tr
        className="Table-container__row"
        onClick={[Function]}
      >
        <td>
          191
        </td>
        <td>
          Stacie
        </td>
        <td>
          Bowers
        </td>
        <td>
          BSholtz@libero.org
        </td>
        <td>
          (843)764-7362
        </td>
      </tr>
      <tr
        className="Table-container__row"
        onClick={[Function]}
      >
        <td>
          159
        </td>
        <td>
          Gus
        </td>
        <td>
          Krout
        </td>
        <td>
          SKinnear@magna.net
        </td>
        <td>
          (963)928-2109
        </td>
      </tr>
      <tr
        className="Table-container__row"
        onClick={[Function]}
      >
        <td>
          701
        </td>
        <td>
          Maegan
        </td>
        <td>
          Chambers
        </td>
        <td>
          SMuth@vestibulum.org
        </td>
        <td>
          (390)873-9469
        </td>
      </tr>
      <tr
        className="Table-container__row"
        onClick={[Function]}
      >
        <td>
          51
        </td>
        <td>
          LaShonda
        </td>
        <td>
          Shrestha
        </td>
        <td>
          ABurkes@eget.ly
        </td>
        <td>
          (561)953-3584
        </td>
      </tr>
      <tr
        className="Table-container__row"
        onClick={[Function]}
      >
        <td>
          757
        </td>
        <td>
          Tiziana
        </td>
        <td>
          Larrabee
        </td>
        <td>
          NHampton@amet.ly
        </td>
        <td>
          (283)180-8710
        </td>
      </tr>
      <tr
        className="Table-container__row"
        onClick={[Function]}
      >
        <td>
          327
        </td>
        <td>
          Eden
        </td>
        <td>
          Ragusa
        </td>
        <td>
          APlanty@vestibulum.io
        </td>
        <td>
          (852)979-0937
        </td>
      </tr>
      <tr
        className="Table-container__row"
        onClick={[Function]}
      >
        <td>
          108
        </td>
        <td>
          Usha
        </td>
        <td>
          Rock
        </td>
        <td>
          YArnold@sollicitudin.gov
        </td>
        <td>
          (930)774-2526
        </td>
      </tr>
      <tr
        className="Table-container__row"
        onClick={[Function]}
      >
        <td>
          536
        </td>
        <td>
          Heriberto
        </td>
        <td>
          Mize
        </td>
        <td>
          JPilgrim@sed.ly
        </td>
        <td>
          (886)529-4554
        </td>
      </tr>
    </tbody>
  </table>
  <ul
    className="pagination"
  >
    <li
      className="disabled"
      onClick={[Function]}
    >
      <a
        className=""
        href="#"
      >
        «
      </a>
    </li>
    <li
      className="disabled"
      onClick={[Function]}
    >
      <a
        className=""
        href="#"
      >
        ⟨
      </a>
    </li>
    <li
      className="active"
      onClick={[Function]}
    >
      <a
        className="undefined"
        href="#"
      >
        1
      </a>
    </li>
    <li
      className=""
      onClick={[Function]}
    >
      <a
        className=""
        href="#"
      >
        2
      </a>
    </li>
    <li
      className=""
      onClick={[Function]}
    >
      <a
        className=""
        href="#"
      >
        ⟩
      </a>
    </li>
    <li
      className=""
      onClick={[Function]}
    >
      <a
        className=""
        href="#"
      >
        »
      </a>
    </li>
  </ul>
</div>
`;
